a-msedge.net
adjust.com
amazonaws.com
anthropic.com
appcenter.ms
app.deepl.com
appdownload.deepl.com
appspot.com
api-free.deepl.com
api.deepl.com
api-jp.deepl.com
api-us.deepl.com
auth0.com
auth.deepl.com
azureedge.net
backend.deepl.com
bing.com
bingapis.com
browser-intake-datadoghq.com
chatgpt.com
clearance.deepl.com
clau.de
claude.ai
claude.app
claude.com
claude.new
claude.site
claudemcpclient.com
claudemcpcontent.com
claudepages.dev
claudestudio.com
claudeusercontent.com
cloudflareaccess.com
cloudfunctions.net
cloudinary.com
datadoghq.com
deepl.com
deepseek.com
developers.deepl.com
dict-audio.deepl.com
dict.deepl.com
elevenlabs.io
errortracking.deepl.com
experimentation-grpc.deepl.com
experimentation.deepl.com
fal-lb.deepl.com
github.com
githubcopilot.com
githubusercontent.com
google.com
gpt3-openai.com
grammarly.com
grammarly.io
grazie.ai
grok.com
intellij.net
intercom.io
intercomassets.com
intercomcdn.com
ita-free.app.deepl.com
ita-free.www.deepl.com
jetbrains.ai
jetbrains.com
kef-lb.deepl.com
kilo.ai
live.net
login-wall.deepl.com
microsoft.com
microsoftapp.net
modelcontextprotocol.com
modelcontextprotocol.io
modelcontextprotocol.net
modelcontextprotocol.org
notebooklm.google
oaistatic.com
oaiusercontent.com
openai.com
openai.fund
openai.org
ott.deepl.com
oneshot-free.www.deepl.com
oneshot-pro.www.deepl.com
perplexity.ai
perplexity.com
pollo.ai
pplx.ai
s-lb.deepl.com
s.deepl.com
sso.deepl.com
statsigapi.net
static.deepl.com
support.deepl.com
trust.deepl.com
w.deepl.com
web-release-lb.www.deepl.com
web-release.www.deepl.com
withgoogle.com
write-free.www.deepl.com
www.deepl.com
www2.deepl.com
x.ai
