1001tracklists.com
akamaized.net
audio.thisisdistorted.com
byspotify.com
cableguys.com
deezer.com
distorted-dev.s3.amazonaws.com
dondiablo.com
dzcdn.net
fastly.net
feeds.megaphone.fm
labelradar.com
last.fm
megaphone.fm
metabrainz.org
mixcloud.com
monster.cat
monstercat.com
musicbrainz.org
pdst.fm
podtrac.com
portal-api.thisisdistorted.com
pscdn.co
scdn.co
snd.sc
sndcdn.com
soundcloud.cloud
soundcloud.com
spoti.fi
spotify-everywhere.com
spotify.com
spotify.design
spotifycdn.com
spotifycdn.net
spotifycharts.com
spotifycodes.com
spotifyforbrands.com
spotifyjobs.com
thisisdistorted.com
tidal.com
