1001.tl
1001tracklists.com
akamaized.net
amp-api.podcasts.apple.com
anjunabeats.com
audio.thisisdistorted.com
byspotify.com
cableguys.com
cdn.1001tracklists.com
dcs-spotify.megaphone.fm
deezer.com
distorted-dev.s3.amazonaws.com
dondiablo.com
dzcdn.net
fastly.net
feed.podbean.com
feeds.megaphone.fm
futuremusic.com
labelradar.com
last.fm
link.1001tracklists.com
mcdn.podbean.com
megaphone.fm
metabrainz.org
mixcloud.com
monster.cat
monstercat.com
music.anjunabeats.com
musicbrainz.org
noop.megaphone.fm
pdst.fm
play-edge.itunes.apple.com
play.itunes.apple.com
podbean.com
podtrac.com
portal-api.thisisdistorted.com
pscdn.co
s352.podbean.com
s360.podbean.com
s361.podbean.com
s375.podbean.com
s383.podbean.com
s389.podbean.com
s392.podbean.com
s393.podbean.com
s396.podbean.com
scdn.co
snd.sc
sndcdn.com
soundcloud.cloud
soundcloud.com
spoti.fi
spotify-edge.megaphone.fm
spotify-everywhere.com
spotify.com
spotify.design
spotifycdn.com
spotifycdn.net
spotifycharts.com
spotifycodes.com
spotifyforbrands.com
spotifyjobs.com
thisisdistorted.com
tidal.com
traffic.megaphone.fm
www.1001tracklists.com
www.djcity.com
