agents.media
agentura.ru
bbc.co.uk
bbc.com
bbci.co.uk
bellingcat.com
cherta.media
colta.ru
currenttime.tv
dept.one
doxa.team
dw.com
echofm.online
ehorussia.com
ej.ru
euronews.com
exler.ru
fastly.net
golosameriki.com
gordonua.com
gulagu.net
holod.media
hrw.org
ill.in.ua
important-stories.com
istories.media
kasparov.ru
kavkaz-uzel.eu
korrespondent.net
krymr.com
mdza.io
mediazona.ca
meduza.io
memohrc.org
memopzk.org
memorialcenter.org
moscowtimes.ru
navalny.com
newtimes.ru
novayagazeta.eu
novayagazeta.ru
ovd.info
ovdinfo.legal
ovdinfo.org
paperagency.team
paperpaper.ru
papersupport.ru
polit.ru
proekt.media
prostovpn.org
radiosvoboda.org
semnasem.org
svoboda.org
t-s.news
tayga.info
the-village.ru
theins.press
theins.ru
thetruestory.news
tvrain.ru
tvrain.tv
unian.net
verstka.media
vot-tak.tv
zona.media
