4pda.to
account-tiktok.com
addlive.io
adsbynimbus.com
akamai.net
akamaized.net
atomile.com
byteimg.com
byteoversea.com
byteoversea.net
bytetcdn.com
cdninstagram.com
cwer.ws
facebook.com
facebook.com.es
facebook.com.vn
facebook.fr
facebook.net
fb.com
fb.me
fbcdn.com
fbcdn.net
fbsbx.com
feelinsonice.com
gethornet.com
google.com
hornet-live.com
hornet.com
ibytedtos.com
ibyteimg.com
ig.me
insidehornet.com
instagram.com
ipstatp.com
isnssdk.com
licdn.com
linkedin.com
meetme.com
meetmecdna.com
muscdn.com
musemuse.cn
musical.ly
patreon.com
patreonusercontent.com
pstatp.com
quora.com
quoracdn.net
rocket-cdn.com
ru-board.com
sc-cdn.net
sc-corp.net
sc-gw.com
sc-jpl.com
sc-prod.net
sc-static.net
sgsnssdk.com
snap-dev.net
snap.com
snapads.com
snapchat-com
snapchat.com
snapkit.com
snapmap.com
snapmap.org
snapmaps.com
t.co
tfbnw.net
thefacebook.com
tiktok.com
tiktokcdn-eu.com
tiktokcdn-in.com
tiktokcdn-us.com
tiktokcdn.com
tiktokd.org
tiktokglobalshop.com
tiktokv.com
tiktokv.eu
tiktokw.eu
tlivecdn.com
ttlivecdn.com
ttoversea.net
ttoverseaus.net
ttwstatic.com
tweetdeck.com
twimg.com
twitter.com
worldfcdn.com
worldfcdn2.com
x.com
